// Jest Snapshot v1, https://goo.gl/fbAQLP

exports[`debe de mostrarse en <AddCategory/> debe de mostrarse correctamente 1`] = `
<form
  onSubmit={[Function]}
>
  <h2>
    AddCategory
  </h2>
  <input
    onChange={[Function]}
    type="text"
    value=""
  />
</form>
`;
