// Jest Snapshot v1, https://goo.gl/fbAQLP

exports[`Prueba de <GifsGridItem/> debe mostrar el comonente correctamente 1`] = `
<div
  className="card animate__animated animate__bounce"
>
  <img />
  <p />
</div>
`;
